// Jest Snapshot v1, https://goo.gl/fbAQLP

exports[`Row snapshot  1`] = `
<div
  className="row"
>
  <h2>
    
  </h2>
  <div
    className="row__posters"
  />
  
</div>
`;
